[renewing-earwig.10web.site/index.html]
[backblue.gif]
[fade.gif]
[index.html]
[renewing-earwig.10web.site/wp-content/cache/tw_optimize/css/two_front_page_aggregated_5031697833a1b266bf9fe4d7a52cf38e_delay.min46eb.css]
[renewing-earwig.10web.site/wp-json/wp/v2/pages/62.json]
[renewing-earwig.10web.site/feed/index.html]
[renewing-earwig.10web.site/comments/feed/index.html]
[renewing-earwig.10web.site/wp-json/index.html]
[renewing-earwig.10web.site/wp-includes/wlwmanifest.xml]
[renewing-earwig.10web.site/wp-json/oembed/1.0/embedf251.json]
[renewing-earwig.10web.site/wp-json/oembed/1.0/embed365a]
[renewing-earwig.10web.site/wp-content/plugins/elementor/assets/lib/eicons/fonts/eiconsb732.eot]
[renewing-earwig.10web.site/wp-content/plugins/elementor/assets/lib/font-awesome/webfonts/fa-regular-400.eot]
[renewing-earwig.10web.site/GET]
[renewing-earwig.10web.site/wp-content/uploads/2023/06/aronpw-bC40m7skyFQ-unsplash-scaled.webp]
[renewing-earwig.10web.site/wp-content/uploads/2023/06/Untitled-design.webp]
[renewing-earwig.10web.site/wp-content/uploads/2023/06/logoipsum-286_1.webp]
[renewing-earwig.10web.site/services/index.html]
[renewing-earwig.10web.site/wp-content/uploads/2023/06/logoipsum-237_1.webp]
[renewing-earwig.10web.site/wp-content/uploads/2023/06/logoipsum-222.webp]
[renewing-earwig.10web.site/wp-content/uploads/2023/06/logoipsum-219.webp]
[renewing-earwig.10web.site/about/index.html]
[renewing-earwig.10web.site/wp-content/uploads/2023/06/pexels-matheus-cenali-2413081.webp]
[renewing-earwig.10web.site/wp-content/uploads/2023/06/team-member-1-scaled-scaled.webp]
[renewing-earwig.10web.site/wp-content/uploads/2023/06/team-member-2-scaled-scaled.webp]
[renewing-earwig.10web.site/wp-content/uploads/2023/06/pexels-fauxels-3182765.webp]
[renewing-earwig.10web.site/wp-content/plugins/tenweb-speed-optimizer/includes/external/js/vanilla-lazyload/lazyload.min.js]
[renewing-earwig.10web.site/index.html]
[renewing-earwig.10web.site/wp-content/plugins/tenweb-speed-optimizer/includes/external/js/vanilla-lazyload/two_bg_vanilla.js]
[renewing-earwig.10web.site/wp-content/plugins/tenweb-builder/assets/common/fonts/twbb-iconsea66.ttf]
[renewing-earwig.10web.site/wp-content/plugins/elementor/assets/lib/font-awesome/webfonts/fa-brands-400.eot]
[renewing-earwig.10web.site/wp-content/cache/tw_optimize/css/two_front_page_aggregated_5031697833a1b266bf9fe4d7a52cf38e_delay.min46eb.css]
[renewing-earwig.10web.site/xmlrpc0db0.html]
[renewing-earwig.10web.site/GET.html]
[renewing-earwig.10web.site/contact/index.html]
[renewing-earwig.10web.site/wp-content/cache/tw_optimize/css/two_60_aggregated_5031697833a1b266bf9fe4d7a52cf38e_delay.min88a1.css]
[renewing-earwig.10web.site/wp-content/cache/tw_optimize/css/two_60_aggregated.min88a1.css]
[renewing-earwig.10web.site/wp-json/wp/v2/pages/60.json]
[renewing-earwig.10web.site/wp-json/oembed/1.0/embeda640.json]
[renewing-earwig.10web.site/wp-json/oembed/1.0/embed503c]
[renewing-earwig.10web.site/services/GET]
[renewing-earwig.10web.site/services/index.html]
[renewing-earwig.10web.site/wp-content/cache/tw_optimize/css/two_61_aggregated_5031697833a1b266bf9fe4d7a52cf38e_delay.min7424.css]
[renewing-earwig.10web.site/wp-content/cache/tw_optimize/css/two_61_aggregated.min7424.css]
[renewing-earwig.10web.site/wp-json/wp/v2/pages/61.json]
[renewing-earwig.10web.site/wp-json/oembed/1.0/embed8dd8.json]
[renewing-earwig.10web.site/wp-json/oembed/1.0/embedc8f5]
[renewing-earwig.10web.site/about/GET]
[renewing-earwig.10web.site/about/index.html]
[renewing-earwig.10web.site/wp-content/uploads/2023/06/israel-andrade-YI_9SivVt_s-unsplash-scaled.webp]
[renewing-earwig.10web.site/wp-content/cache/tw_optimize/css/two_59_aggregated_5031697833a1b266bf9fe4d7a52cf38e_delay.mind319.css]
[renewing-earwig.10web.site/wp-content/cache/tw_optimize/css/two_59_aggregated.mind319.css]
[renewing-earwig.10web.site/wp-json/wp/v2/pages/59.json]
[renewing-earwig.10web.site/wp-json/oembed/1.0/embed75c5.json]
[renewing-earwig.10web.site/wp-json/oembed/1.0/embed8bd4]
[renewing-earwig.10web.site/contact/GET]
[renewing-earwig.10web.site/contact/index.html]
[renewing-earwig.10web.site/wp-content/cache/tw_optimize/css/two_60_aggregated_5031697833a1b266bf9fe4d7a52cf38e_delay.min88a1.css]
[renewing-earwig.10web.site/wp-content/cache/tw_optimize/css/two_60_aggregated.min88a1.css]
[renewing-earwig.10web.site/index0721.html]
[renewing-earwig.10web.site/services/GET.html]
[renewing-earwig.10web.site/wp-content/cache/tw_optimize/css/two_61_aggregated_5031697833a1b266bf9fe4d7a52cf38e_delay.min7424.css]
[renewing-earwig.10web.site/wp-content/cache/tw_optimize/css/two_61_aggregated.min7424.css]
[renewing-earwig.10web.site/index094d.html]
[renewing-earwig.10web.site/about/GET.html]
[renewing-earwig.10web.site/wp-content/cache/tw_optimize/css/two_59_aggregated_5031697833a1b266bf9fe4d7a52cf38e_delay.mind319.css]
[renewing-earwig.10web.site/wp-content/cache/tw_optimize/css/two_59_aggregated.mind319.css]
[renewing-earwig.10web.site/index1098.html]
[renewing-earwig.10web.site/contact/GET.html]
